// Jest Snapshot v1, https://goo.gl/fbAQLP

exports[`Cart page should match snapshot 1`] = `
<div
  className="sc-f2b7308a-10 eHvoGd"
>
  <div
    className="sc-1a8f94cc-1 bgHcty"
  >
    <p
      className="MuiTypography-root MuiTypography-body1 css-1ydvvti-MuiTypography-root"
    >
      YOUR CART IS EMPTY
    </p>
    <a
      href="/products"
      onClick={[Function]}
      onMouseEnter={[Function]}
      onTouchStart={[Function]}
    >
      <button
        className="MuiButtonBase-root MuiButton-root MuiLoadingButton-root MuiButton-text MuiButton-textPrimary MuiButton-sizeMedium MuiButton-textSizeMedium MuiButton-root MuiLoadingButton-root MuiButton-text MuiButton-textPrimary MuiButton-sizeMedium MuiButton-textSizeMedium sc-d4e95e10-0 cscvRh sc-1a8f94cc-0 mnunh css-1vqlznj-MuiButtonBase-root-MuiButton-root-MuiLoadingButton-root"
        data-testid="Button"
        disabled={false}
        id=":r0:"
        onBlur={[Function]}
        onContextMenu={[Function]}
        onDragLeave={[Function]}
        onFocus={[Function]}
        onKeyDown={[Function]}
        onKeyUp={[Function]}
        onMouseDown={[Function]}
        onMouseLeave={[Function]}
        onMouseUp={[Function]}
        onTouchEnd={[Function]}
        onTouchMove={[Function]}
        onTouchStart={[Function]}
        tabIndex={0}
        type="button"
      >
        SHOP OUR PRODUCTS
      </button>
    </a>
  </div>
</div>
`;
